15:45:12 **** Incremental Build of configuration Debug for project PID_code ****
make -j16 all 
arm-none-eabi-gcc "../Core/Src/main.c" -mcpu=cortex-m4 -std=gnu11 -g3 -DDEBUG -DUSE_HAL_DRIVER -DSTM32F411xE -c -I../Core/Inc -I../Drivers/STM32F4xx_HAL_Driver/Inc -I../Drivers/STM32F4xx_HAL_Driver/Inc/Legacy -I../Drivers/CMSIS/Device/ST/STM32F4xx/Include -I../Drivers/CMSIS/Include -O0 -ffunction-sections -fdata-sections -Wall -fstack-usage -fcyclomatic-complexity -MMD -MP -MF"Core/Src/main.d" -MT"Core/Src/main.o" --specs=nano.specs -mfpu=fpv4-sp-d16 -mfloat-abi=hard -mthumb -o "Core/Src/main.o"
arm-none-eabi-gcc -o "PID_code.elf" @"objects.list"   -mcpu=cortex-m4 -T"C:\Users\Eric\Capstone\STM32_PID_capstone\PID_code\STM32F411CEUX_FLASH.ld" --specs=nosys.specs -Wl,-Map="PID_code.map" -Wl,--gc-sections -static --specs=nano.specs -mfpu=fpv4-sp-d16 -mfloat-abi=hard -mthumb -Wl,--start-group -lc -lm -Wl,--end-group
Finished building target: PID_code.elf
 
arm-none-eabi-size  PID_code.elf 
arm-none-eabi-objdump -h -S PID_code.elf  > "PID_code.list"
   text	   data	    bss	    dec	    hex	filename
  16468	     92	   3108	  19668	   4cd4	PID_code.elf
Finished building: default.size.stdout
 
Finished building: PID_code.list
 

15:45:12 Build Finished. 0 errors, 0 warnings. (took 442ms)

